// Jest Snapshot v1, https://goo.gl/fbAQLP

exports[`App component structure App component create a snapshot, should render correctly 1`] = `
<div
  className="page-loader"
  style={
    Object {
      "zIndex": 999,
    }
  }
>
  <div
    className="loader"
  />
</div>
`;
